I'm sorry, but errors were detected in your script. Please correct the
errors listed below, and try again.


File "game/script.rpy", line 121: expected statement.
    defaultname = ""
                ^

File "game/script.rpy", line 122: expected statement.
    new_name = "Alan"
             ^

File "game/script.rpy", line 124: expected statement.
    defaultname = "Alan"
                ^

Ren'Py Version: Ren'Py 7.4.11.2266
Fri Sep  2 23:46:32 2022
